
> temp_app@0.1.0 build
> next build

   ▲ Next.js 16.0.10 (Turbopack)

   Creating an optimized production build ...

> Build error occurred
Error: Turbopack build failed with 1 errors:
./src/widgets/MarketHero/index.tsx:159:1
Parsing ecmascript source code failed
[0m [90m 157 |[39m                 [35m181[39m[33m:[39m             [33m<[39m[33m/[39m[33mdiv[39m[33m>[39m
 [90m 158 |[39m             [35m182[39m[33m:[39m         [33m<[39m[33m/[39m[33mdiv[39m[33m>[39m
[31m[1m>[22m[39m[90m 159 |[39m [35m183[39m[33m:[39m     )[33m;[39m
 [90m     |[39m [31m[1m^[22m[39m[31m[1m^[22m[39m[31m[1m^[22m[39m
 [90m 160 |[39m     [35m184[39m[33m:[39m
 [90m 161 |[39m }[33m;[39m
 [90m 162 |[39m[0m

Expected ',', got 'numeric literal (183, 183)'

Import trace:
  Server Component:
    ./src/widgets/MarketHero/index.tsx
    ./src/app/markets/[proposalId]/page.tsx


    at <unknown> (./src/widgets/MarketHero/index.tsx:159:1)
